#-----------------------------------------------------------
# Vivado v2020.1 (64-bit)
# SW Build 2902540 on Wed May 27 19:54:49 MDT 2020
# IP Build 2902112 on Wed May 27 22:43:36 MDT 2020
# Start of session at: Sun Feb 26 21:59:56 2023
# Process ID: 12604
# Current directory: C:/Users/austi/CPE 233
# Command line: vivado.exe -gui_launcher_event rodinguilauncherevent1896 C:\Users\austi\CPE 233\OTTERWRAPPER.xpr
# Log file: C:/Users/austi/CPE 233/vivado.log
# Journal file: C:/Users/austi/CPE 233\vivado.jou
#-----------------------------------------------------------
start_gui
open_project {C:/Users/austi/CPE 233/OTTERWRAPPER.xpr}
update_compile_order -fileset sources_1
launch_simulation
launch_simulation
open_wave_config {C:/Users/austi/CPE 233/OTTER_Wrapper_behav.wcfg}
source OTTER_WRAPPER_TB.tcl
save_wave_config {C:/Users/austi/CPE 233/OTTER_Wrapper_behav.wcfg}
close_sim
launch_simulation
open_wave_config {C:/Users/austi/CPE 233/OTTER_Wrapper_behav.wcfg}
source OTTER_WRAPPER_TB.tcl
save_wave_config {C:/Users/austi/CPE 233/OTTER_Wrapper_behav.wcfg}
close_sim
launch_simulation
open_wave_config {C:/Users/austi/CPE 233/OTTER_Wrapper_behav.wcfg}
source OTTER_WRAPPER_TB.tcl
save_wave_config {C:/Users/austi/CPE 233/OTTER_Wrapper_behav.wcfg}
close_sim
launch_simulation
open_wave_config {C:/Users/austi/CPE 233/OTTER_Wrapper_behav.wcfg}
source OTTER_WRAPPER_TB.tcl
save_wave_config {C:/Users/austi/CPE 233/OTTER_Wrapper_behav.wcfg}
close_sim
launch_simulation
open_wave_config {C:/Users/austi/CPE 233/OTTER_Wrapper_behav.wcfg}
source OTTER_WRAPPER_TB.tcl
