#-----------------------------------------------------------
# Vivado v2020.1 (64-bit)
# SW Build 2902540 on Wed May 27 19:54:49 MDT 2020
# IP Build 2902112 on Wed May 27 22:43:36 MDT 2020
# Start of session at: Mon Mar 13 15:13:11 2023
# Process ID: 9660
# Current directory: C:/Users/austi/CPE 233
# Command line: vivado.exe -gui_launcher_event rodinguilauncherevent22092 C:\Users\austi\CPE 233\OTTERWRAPPER.xpr
# Log file: C:/Users/austi/CPE 233/vivado.log
# Journal file: C:/Users/austi/CPE 233\vivado.jou
#-----------------------------------------------------------
start_gui
open_project {C:/Users/austi/CPE 233/OTTERWRAPPER.xpr}
update_compile_order -fileset sources_1
launch_simulation
open_wave_config {C:/Users/austi/CPE 233/OTTER_Wrapper_behav.wcfg}
source otterMCU_TB.tcl
save_wave_config {C:/Users/austi/CPE 233/OTTER_Wrapper_behav.wcfg}
close_sim
launch_simulation
open_wave_config {C:/Users/austi/CPE 233/OTTER_Wrapper_behav.wcfg}
source otterMCU_TB.tcl
run 78 us
run 78 us
run 78 us
run 78 us
save_wave_config {C:/Users/austi/CPE 233/OTTER_Wrapper_behav.wcfg}
close_sim
launch_simulation
open_wave_config {C:/Users/austi/CPE 233/OTTER_Wrapper_behav.wcfg}
source otterMCU_TB.tcl
run 78 us
save_wave_config {C:/Users/austi/CPE 233/OTTER_Wrapper_behav.wcfg}
close_sim
launch_simulation
open_wave_config {C:/Users/austi/CPE 233/OTTER_Wrapper_behav.wcfg}
source otterMCU_TB.tcl
run 78 us
save_wave_config {C:/Users/austi/CPE 233/OTTER_Wrapper_behav.wcfg}
close_sim
launch_simulation
open_wave_config {C:/Users/austi/CPE 233/OTTER_Wrapper_behav.wcfg}
source otterMCU_TB.tcl
save_wave_config {C:/Users/austi/CPE 233/OTTER_Wrapper_behav.wcfg}
close_sim
launch_simulation
open_wave_config {C:/Users/austi/CPE 233/OTTER_Wrapper_behav.wcfg}
source otterMCU_TB.tcl
close_sim
launch_simulation
open_wave_config {C:/Users/austi/CPE 233/OTTER_Wrapper_behav.wcfg}
source otterMCU_TB.tcl
save_wave_config {C:/Users/austi/CPE 233/OTTER_Wrapper_behav.wcfg}
close_sim
launch_simulation
open_wave_config {C:/Users/austi/CPE 233/OTTER_Wrapper_behav.wcfg}
source otterMCU_TB.tcl
run 78 us
run 78 us
save_wave_config {C:/Users/austi/CPE 233/OTTER_Wrapper_behav.wcfg}
close_sim
launch_simulation
open_wave_config {C:/Users/austi/CPE 233/OTTER_Wrapper_behav.wcfg}
source otterMCU_TB.tcl
run 78 us
save_wave_config {C:/Users/austi/CPE 233/OTTER_Wrapper_behav.wcfg}
close_sim
launch_simulation
open_wave_config {C:/Users/austi/CPE 233/OTTER_Wrapper_behav.wcfg}
source otterMCU_TB.tcl
run 78 us
reset_run synth_1
launch_runs synth_1 -jobs 10
wait_on_run synth_1
launch_runs impl_1 -jobs 10
wait_on_run impl_1
launch_runs impl_1 -to_step write_bitstream -jobs 10
wait_on_run impl_1
open_hw_manager
connect_hw_server -allow_non_jtag
open_hw_target
set_property PROGRAM.FILE {C:/Users/austi/CPE 233/OTTERWRAPPER.runs/impl_1/OTTER_Wrapper.bit} [get_hw_devices xc7a35t_0]
current_hw_device [get_hw_devices xc7a35t_0]
refresh_hw_device -update_hw_probes false [lindex [get_hw_devices xc7a35t_0] 0]
set_property PROBES.FILE {} [get_hw_devices xc7a35t_0]
set_property FULL_PROBES.FILE {} [get_hw_devices xc7a35t_0]
set_property PROGRAM.FILE {C:/Users/austi/CPE 233/OTTERWRAPPER.runs/impl_1/OTTER_Wrapper.bit} [get_hw_devices xc7a35t_0]
program_hw_devices [get_hw_devices xc7a35t_0]
refresh_hw_device [lindex [get_hw_devices xc7a35t_0] 0]
save_wave_config {C:/Users/austi/CPE 233/OTTER_Wrapper_behav.wcfg}
close_sim
launch_simulation
open_wave_config {C:/Users/austi/CPE 233/OTTER_Wrapper_behav.wcfg}
source otterMCU_TB.tcl
run 78 us
save_wave_config {C:/Users/austi/CPE 233/OTTER_Wrapper_behav.wcfg}
close_sim
launch_simulation
open_wave_config {C:/Users/austi/CPE 233/OTTER_Wrapper_behav.wcfg}
source otterMCU_TB.tcl
run 78 us
set_property PROBES.FILE {} [get_hw_devices xc7a35t_0]
set_property FULL_PROBES.FILE {} [get_hw_devices xc7a35t_0]
set_property PROGRAM.FILE {C:/Users/austi/CPE 233/OTTERWRAPPER.runs/impl_1/OTTER_Wrapper.bit} [get_hw_devices xc7a35t_0]
program_hw_devices [get_hw_devices xc7a35t_0]
refresh_hw_device [lindex [get_hw_devices xc7a35t_0] 0]
close_sim
launch_simulation
open_wave_config {C:/Users/austi/CPE 233/OTTER_Wrapper_behav.wcfg}
source otterMCU_TB.tcl
reset_run synth_1
launch_runs synth_1 -jobs 10
wait_on_run synth_1
launch_runs impl_1 -jobs 10
wait_on_run impl_1
launch_runs impl_1 -to_step write_bitstream -jobs 10
wait_on_run impl_1
set_property PROBES.FILE {} [get_hw_devices xc7a35t_0]
set_property FULL_PROBES.FILE {} [get_hw_devices xc7a35t_0]
set_property PROGRAM.FILE {C:/Users/austi/CPE 233/OTTERWRAPPER.runs/impl_1/OTTER_Wrapper.bit} [get_hw_devices xc7a35t_0]
program_hw_devices [get_hw_devices xc7a35t_0]
refresh_hw_device [lindex [get_hw_devices xc7a35t_0] 0]
close_sim
launch_simulation
open_wave_config {C:/Users/austi/CPE 233/OTTER_Wrapper_behav.wcfg}
source otterMCU_TB.tcl
run 78 us
save_wave_config {C:/Users/austi/CPE 233/OTTER_Wrapper_behav.wcfg}
close_sim
launch_simulation
open_wave_config {C:/Users/austi/CPE 233/OTTER_Wrapper_behav.wcfg}
source otterMCU_TB.tcl
add_files -norecurse {C:/Users/austi/Downloads/OTTER_VGA_80x60/vga_driver_80x60.sv C:/Users/austi/Downloads/OTTER_VGA_80x60/vga_fb_driver_80x60.sv}
update_compile_order -fileset sources_1
add_files -norecurse C:/Users/austi/Downloads/OTTER_VGA_80x60/ram8k_8_80x60.sv
update_compile_order -fileset sources_1
add_files -norecurse {{C:/Users/austi/CPE 233/flappy_bird.mem}}
reset_run synth_1
launch_runs synth_1 -jobs 10
wait_on_run synth_1
reset_run synth_1
launch_runs synth_1 -jobs 10
wait_on_run synth_1
launch_runs impl_1 -jobs 10
wait_on_run impl_1
launch_runs impl_1 -to_step write_bitstream -jobs 10
wait_on_run impl_1
reset_run synth_1
launch_runs synth_1 -jobs 10
wait_on_run synth_1
launch_runs impl_1 -jobs 10
wait_on_run impl_1
launch_runs impl_1 -to_step write_bitstream -jobs 10
wait_on_run impl_1
set_property PROBES.FILE {} [get_hw_devices xc7a35t_0]
set_property FULL_PROBES.FILE {} [get_hw_devices xc7a35t_0]
set_property PROGRAM.FILE {C:/Users/austi/CPE 233/OTTERWRAPPER.runs/impl_1/OTTER_Wrapper.bit} [get_hw_devices xc7a35t_0]
program_hw_devices [get_hw_devices xc7a35t_0]
refresh_hw_device [lindex [get_hw_devices xc7a35t_0] 0]
reset_run impl_1
launch_runs impl_1 -jobs 10
wait_on_run impl_1
launch_runs impl_1 -to_step write_bitstream -jobs 10
wait_on_run impl_1
set_property PROBES.FILE {} [get_hw_devices xc7a35t_0]
set_property FULL_PROBES.FILE {} [get_hw_devices xc7a35t_0]
set_property PROGRAM.FILE {C:/Users/austi/CPE 233/OTTERWRAPPER.runs/impl_1/OTTER_Wrapper.bit} [get_hw_devices xc7a35t_0]
program_hw_devices [get_hw_devices xc7a35t_0]
refresh_hw_device [lindex [get_hw_devices xc7a35t_0] 0]
reset_run impl_1
launch_runs impl_1 -jobs 10
wait_on_run impl_1
launch_runs impl_1 -to_step write_bitstream -jobs 10
wait_on_run impl_1
set_property PROBES.FILE {} [get_hw_devices xc7a35t_0]
set_property FULL_PROBES.FILE {} [get_hw_devices xc7a35t_0]
set_property PROGRAM.FILE {C:/Users/austi/CPE 233/OTTERWRAPPER.runs/impl_1/OTTER_Wrapper.bit} [get_hw_devices xc7a35t_0]
program_hw_devices [get_hw_devices xc7a35t_0]
refresh_hw_device [lindex [get_hw_devices xc7a35t_0] 0]
reset_run impl_1
launch_runs impl_1 -jobs 10
wait_on_run impl_1
launch_runs impl_1 -to_step write_bitstream -jobs 10
wait_on_run impl_1
set_property PROBES.FILE {} [get_hw_devices xc7a35t_0]
set_property FULL_PROBES.FILE {} [get_hw_devices xc7a35t_0]
set_property PROGRAM.FILE {C:/Users/austi/CPE 233/OTTERWRAPPER.runs/impl_1/OTTER_Wrapper.bit} [get_hw_devices xc7a35t_0]
program_hw_devices [get_hw_devices xc7a35t_0]
refresh_hw_device [lindex [get_hw_devices xc7a35t_0] 0]
add_files -norecurse {{C:/Users/austi/CPE 233/VGA_TEST.mem}}
reset_run synth_1
launch_runs synth_1 -jobs 10
wait_on_run synth_1
launch_runs impl_1 -jobs 10
wait_on_run impl_1
launch_runs impl_1 -to_step write_bitstream -jobs 10
wait_on_run impl_1
set_property PROBES.FILE {} [get_hw_devices xc7a35t_0]
set_property FULL_PROBES.FILE {} [get_hw_devices xc7a35t_0]
set_property PROGRAM.FILE {C:/Users/austi/CPE 233/OTTERWRAPPER.runs/impl_1/OTTER_Wrapper.bit} [get_hw_devices xc7a35t_0]
program_hw_devices [get_hw_devices xc7a35t_0]
refresh_hw_device [lindex [get_hw_devices xc7a35t_0] 0]
reset_run synth_1
launch_runs synth_1 -jobs 10
wait_on_run synth_1
launch_runs impl_1 -jobs 10
wait_on_run impl_1
launch_runs impl_1 -to_step write_bitstream -jobs 10
wait_on_run impl_1
set_property PROBES.FILE {} [get_hw_devices xc7a35t_0]
set_property FULL_PROBES.FILE {} [get_hw_devices xc7a35t_0]
set_property PROGRAM.FILE {C:/Users/austi/CPE 233/OTTERWRAPPER.runs/impl_1/OTTER_Wrapper.bit} [get_hw_devices xc7a35t_0]
program_hw_devices [get_hw_devices xc7a35t_0]
refresh_hw_device [lindex [get_hw_devices xc7a35t_0] 0]
reset_run impl_1
launch_runs impl_1 -jobs 10
wait_on_run impl_1
launch_runs impl_1 -to_step write_bitstream -jobs 10
wait_on_run impl_1
set_property PROBES.FILE {} [get_hw_devices xc7a35t_0]
set_property FULL_PROBES.FILE {} [get_hw_devices xc7a35t_0]
set_property PROGRAM.FILE {C:/Users/austi/CPE 233/OTTERWRAPPER.runs/impl_1/OTTER_Wrapper.bit} [get_hw_devices xc7a35t_0]
program_hw_devices [get_hw_devices xc7a35t_0]
refresh_hw_device [lindex [get_hw_devices xc7a35t_0] 0]
reset_run synth_1
launch_runs synth_1 -jobs 10
wait_on_run synth_1
launch_runs impl_1 -jobs 10
wait_on_run impl_1
launch_runs impl_1 -to_step write_bitstream -jobs 10
wait_on_run impl_1
set_property PROBES.FILE {} [get_hw_devices xc7a35t_0]
set_property FULL_PROBES.FILE {} [get_hw_devices xc7a35t_0]
set_property PROGRAM.FILE {C:/Users/austi/CPE 233/OTTERWRAPPER.runs/impl_1/OTTER_Wrapper.bit} [get_hw_devices xc7a35t_0]
program_hw_devices [get_hw_devices xc7a35t_0]
refresh_hw_device [lindex [get_hw_devices xc7a35t_0] 0]
reset_run synth_1
launch_runs synth_1 -jobs 10
wait_on_run synth_1
launch_runs impl_1 -jobs 10
wait_on_run impl_1
reset_run impl_1
reset_run synth_1
launch_runs synth_1 -jobs 10
wait_on_run synth_1
launch_runs impl_1 -jobs 10
wait_on_run impl_1
launch_runs impl_1 -to_step write_bitstream -jobs 10
wait_on_run impl_1
set_property PROBES.FILE {} [get_hw_devices xc7a35t_0]
set_property FULL_PROBES.FILE {} [get_hw_devices xc7a35t_0]
set_property PROGRAM.FILE {C:/Users/austi/CPE 233/OTTERWRAPPER.runs/impl_1/OTTER_Wrapper.bit} [get_hw_devices xc7a35t_0]
program_hw_devices [get_hw_devices xc7a35t_0]
refresh_hw_device [lindex [get_hw_devices xc7a35t_0] 0]
reset_run synth_1
launch_runs synth_1 -jobs 10
wait_on_run synth_1
launch_runs impl_1 -jobs 10
wait_on_run impl_1
launch_runs impl_1 -to_step write_bitstream -jobs 10
wait_on_run impl_1
set_property PROBES.FILE {} [get_hw_devices xc7a35t_0]
set_property FULL_PROBES.FILE {} [get_hw_devices xc7a35t_0]
set_property PROGRAM.FILE {C:/Users/austi/CPE 233/OTTERWRAPPER.runs/impl_1/OTTER_Wrapper.bit} [get_hw_devices xc7a35t_0]
program_hw_devices [get_hw_devices xc7a35t_0]
refresh_hw_device [lindex [get_hw_devices xc7a35t_0] 0]
reset_run synth_1
launch_runs synth_1 -jobs 10
wait_on_run synth_1
launch_runs impl_1 -jobs 10
wait_on_run impl_1
launch_runs impl_1 -to_step write_bitstream -jobs 10
wait_on_run impl_1
set_property PROBES.FILE {} [get_hw_devices xc7a35t_0]
set_property FULL_PROBES.FILE {} [get_hw_devices xc7a35t_0]
set_property PROGRAM.FILE {C:/Users/austi/CPE 233/OTTERWRAPPER.runs/impl_1/OTTER_Wrapper.bit} [get_hw_devices xc7a35t_0]
program_hw_devices [get_hw_devices xc7a35t_0]
refresh_hw_device [lindex [get_hw_devices xc7a35t_0] 0]
reset_run impl_1
launch_runs impl_1 -jobs 10
wait_on_run impl_1
launch_runs impl_1 -to_step write_bitstream -jobs 10
wait_on_run impl_1
set_property PROBES.FILE {} [get_hw_devices xc7a35t_0]
set_property FULL_PROBES.FILE {} [get_hw_devices xc7a35t_0]
set_property PROGRAM.FILE {C:/Users/austi/CPE 233/OTTERWRAPPER.runs/impl_1/OTTER_Wrapper.bit} [get_hw_devices xc7a35t_0]
program_hw_devices [get_hw_devices xc7a35t_0]
refresh_hw_device [lindex [get_hw_devices xc7a35t_0] 0]
reset_run synth_1
launch_runs synth_1 -jobs 10
wait_on_run synth_1
launch_runs impl_1 -jobs 10
wait_on_run impl_1
launch_runs impl_1 -to_step write_bitstream -jobs 10
wait_on_run impl_1
set_property PROBES.FILE {} [get_hw_devices xc7a35t_0]
set_property FULL_PROBES.FILE {} [get_hw_devices xc7a35t_0]
set_property PROGRAM.FILE {C:/Users/austi/CPE 233/OTTERWRAPPER.runs/impl_1/OTTER_Wrapper.bit} [get_hw_devices xc7a35t_0]
program_hw_devices [get_hw_devices xc7a35t_0]
refresh_hw_device [lindex [get_hw_devices xc7a35t_0] 0]
set_property PROBES.FILE {} [get_hw_devices xc7a35t_0]
set_property FULL_PROBES.FILE {} [get_hw_devices xc7a35t_0]
set_property PROGRAM.FILE {C:/Users/austi/CPE 233/OTTERWRAPPER.runs/impl_1/OTTER_Wrapper.bit} [get_hw_devices xc7a35t_0]
program_hw_devices [get_hw_devices xc7a35t_0]
refresh_hw_device [lindex [get_hw_devices xc7a35t_0] 0]
reset_run synth_1
launch_runs synth_1 -jobs 10
wait_on_run synth_1
launch_runs impl_1 -jobs 10
wait_on_run impl_1
launch_runs impl_1 -to_step write_bitstream -jobs 10
wait_on_run impl_1
set_property PROBES.FILE {} [get_hw_devices xc7a35t_0]
set_property FULL_PROBES.FILE {} [get_hw_devices xc7a35t_0]
set_property PROGRAM.FILE {C:/Users/austi/CPE 233/OTTERWRAPPER.runs/impl_1/OTTER_Wrapper.bit} [get_hw_devices xc7a35t_0]
program_hw_devices [get_hw_devices xc7a35t_0]
refresh_hw_device [lindex [get_hw_devices xc7a35t_0] 0]
reset_run impl_1
launch_runs impl_1 -jobs 10
wait_on_run impl_1
reset_run impl_1
launch_runs impl_1 -jobs 10
wait_on_run impl_1
launch_runs impl_1 -to_step write_bitstream -jobs 10
wait_on_run impl_1
set_property PROBES.FILE {} [get_hw_devices xc7a35t_0]
set_property FULL_PROBES.FILE {} [get_hw_devices xc7a35t_0]
set_property PROGRAM.FILE {C:/Users/austi/CPE 233/OTTERWRAPPER.runs/impl_1/OTTER_Wrapper.bit} [get_hw_devices xc7a35t_0]
program_hw_devices [get_hw_devices xc7a35t_0]
refresh_hw_device [lindex [get_hw_devices xc7a35t_0] 0]
reset_run synth_1
launch_runs synth_1 -jobs 10
wait_on_run synth_1
launch_runs impl_1 -jobs 10
wait_on_run impl_1
launch_runs impl_1 -to_step write_bitstream -jobs 10
wait_on_run impl_1
set_property PROBES.FILE {} [get_hw_devices xc7a35t_0]
set_property FULL_PROBES.FILE {} [get_hw_devices xc7a35t_0]
set_property PROGRAM.FILE {C:/Users/austi/CPE 233/OTTERWRAPPER.runs/impl_1/OTTER_Wrapper.bit} [get_hw_devices xc7a35t_0]
program_hw_devices [get_hw_devices xc7a35t_0]
refresh_hw_device [lindex [get_hw_devices xc7a35t_0] 0]
set_property PROBES.FILE {} [get_hw_devices xc7a35t_0]
set_property FULL_PROBES.FILE {} [get_hw_devices xc7a35t_0]
set_property PROGRAM.FILE {C:/Users/austi/CPE 233/OTTERWRAPPER.runs/impl_1/OTTER_Wrapper.bit} [get_hw_devices xc7a35t_0]
program_hw_devices [get_hw_devices xc7a35t_0]
refresh_hw_device [lindex [get_hw_devices xc7a35t_0] 0]
reset_run synth_1
launch_runs synth_1 -jobs 10
wait_on_run synth_1
launch_runs impl_1 -jobs 10
wait_on_run impl_1
launch_runs impl_1 -to_step write_bitstream -jobs 10
wait_on_run impl_1
set_property PROBES.FILE {} [get_hw_devices xc7a35t_0]
set_property FULL_PROBES.FILE {} [get_hw_devices xc7a35t_0]
set_property PROGRAM.FILE {C:/Users/austi/CPE 233/OTTERWRAPPER.runs/impl_1/OTTER_Wrapper.bit} [get_hw_devices xc7a35t_0]
program_hw_devices [get_hw_devices xc7a35t_0]
refresh_hw_device [lindex [get_hw_devices xc7a35t_0] 0]
reset_run impl_1
launch_runs impl_1 -jobs 10
wait_on_run impl_1
launch_runs impl_1 -to_step write_bitstream -jobs 10
wait_on_run impl_1
set_property PROBES.FILE {} [get_hw_devices xc7a35t_0]
set_property FULL_PROBES.FILE {} [get_hw_devices xc7a35t_0]
set_property PROGRAM.FILE {C:/Users/austi/CPE 233/OTTERWRAPPER.runs/impl_1/OTTER_Wrapper.bit} [get_hw_devices xc7a35t_0]
program_hw_devices [get_hw_devices xc7a35t_0]
refresh_hw_device [lindex [get_hw_devices xc7a35t_0] 0]
reset_run synth_1
launch_runs synth_1 -jobs 10
wait_on_run synth_1
launch_runs impl_1 -jobs 10
wait_on_run impl_1
launch_runs impl_1 -to_step write_bitstream -jobs 10
wait_on_run impl_1
set_property PROBES.FILE {} [get_hw_devices xc7a35t_0]
set_property FULL_PROBES.FILE {} [get_hw_devices xc7a35t_0]
set_property PROGRAM.FILE {C:/Users/austi/CPE 233/OTTERWRAPPER.runs/impl_1/OTTER_Wrapper.bit} [get_hw_devices xc7a35t_0]
program_hw_devices [get_hw_devices xc7a35t_0]
refresh_hw_device [lindex [get_hw_devices xc7a35t_0] 0]
reset_run synth_1
launch_runs synth_1 -jobs 10
wait_on_run synth_1
launch_runs impl_1 -jobs 10
wait_on_run impl_1
launch_runs impl_1 -to_step write_bitstream -jobs 10
wait_on_run impl_1
set_property PROBES.FILE {} [get_hw_devices xc7a35t_0]
set_property FULL_PROBES.FILE {} [get_hw_devices xc7a35t_0]
set_property PROGRAM.FILE {C:/Users/austi/CPE 233/OTTERWRAPPER.runs/impl_1/OTTER_Wrapper.bit} [get_hw_devices xc7a35t_0]
program_hw_devices [get_hw_devices xc7a35t_0]
refresh_hw_device [lindex [get_hw_devices xc7a35t_0] 0]
reset_run synth_1
launch_runs synth_1 -jobs 10
wait_on_run synth_1
launch_runs impl_1 -jobs 10
wait_on_run impl_1
launch_runs impl_1 -to_step write_bitstream -jobs 10
wait_on_run impl_1
set_property PROBES.FILE {} [get_hw_devices xc7a35t_0]
set_property FULL_PROBES.FILE {} [get_hw_devices xc7a35t_0]
set_property PROGRAM.FILE {C:/Users/austi/CPE 233/OTTERWRAPPER.runs/impl_1/OTTER_Wrapper.bit} [get_hw_devices xc7a35t_0]
program_hw_devices [get_hw_devices xc7a35t_0]
refresh_hw_device [lindex [get_hw_devices xc7a35t_0] 0]
reset_run impl_1
reset_run synth_1
launch_runs synth_1 -jobs 10
wait_on_run synth_1
launch_runs impl_1 -jobs 10
wait_on_run impl_1
launch_runs impl_1 -to_step write_bitstream -jobs 10
wait_on_run impl_1
set_property PROBES.FILE {} [get_hw_devices xc7a35t_0]
set_property FULL_PROBES.FILE {} [get_hw_devices xc7a35t_0]
set_property PROGRAM.FILE {C:/Users/austi/CPE 233/OTTERWRAPPER.runs/impl_1/OTTER_Wrapper.bit} [get_hw_devices xc7a35t_0]
program_hw_devices [get_hw_devices xc7a35t_0]
refresh_hw_device [lindex [get_hw_devices xc7a35t_0] 0]
reset_run synth_1
launch_runs synth_1 -jobs 10
wait_on_run synth_1
reset_run synth_1
launch_runs synth_1 -jobs 10
wait_on_run synth_1
launch_runs impl_1 -jobs 10
wait_on_run impl_1
launch_runs impl_1 -to_step write_bitstream -jobs 10
wait_on_run impl_1
set_property PROBES.FILE {} [get_hw_devices xc7a35t_0]
set_property FULL_PROBES.FILE {} [get_hw_devices xc7a35t_0]
set_property PROGRAM.FILE {C:/Users/austi/CPE 233/OTTERWRAPPER.runs/impl_1/OTTER_Wrapper.bit} [get_hw_devices xc7a35t_0]
program_hw_devices [get_hw_devices xc7a35t_0]
refresh_hw_device [lindex [get_hw_devices xc7a35t_0] 0]
reset_run impl_1
launch_runs impl_1 -jobs 10
wait_on_run impl_1
launch_runs impl_1 -to_step write_bitstream -jobs 10
wait_on_run impl_1
set_property PROBES.FILE {} [get_hw_devices xc7a35t_0]
set_property FULL_PROBES.FILE {} [get_hw_devices xc7a35t_0]
set_property PROGRAM.FILE {C:/Users/austi/CPE 233/OTTERWRAPPER.runs/impl_1/OTTER_Wrapper.bit} [get_hw_devices xc7a35t_0]
program_hw_devices [get_hw_devices xc7a35t_0]
refresh_hw_device [lindex [get_hw_devices xc7a35t_0] 0]
reset_run synth_1
launch_runs synth_1 -jobs 10
wait_on_run synth_1
launch_runs impl_1 -jobs 10
wait_on_run impl_1
launch_runs impl_1 -to_step write_bitstream -jobs 10
wait_on_run impl_1
set_property PROBES.FILE {} [get_hw_devices xc7a35t_0]
set_property FULL_PROBES.FILE {} [get_hw_devices xc7a35t_0]
set_property PROGRAM.FILE {C:/Users/austi/CPE 233/OTTERWRAPPER.runs/impl_1/OTTER_Wrapper.bit} [get_hw_devices xc7a35t_0]
program_hw_devices [get_hw_devices xc7a35t_0]
refresh_hw_device [lindex [get_hw_devices xc7a35t_0] 0]
reset_run synth_1
launch_runs synth_1 -jobs 10
wait_on_run synth_1
launch_runs impl_1 -jobs 10
wait_on_run impl_1
launch_runs impl_1 -to_step write_bitstream -jobs 10
wait_on_run impl_1
set_property PROBES.FILE {} [get_hw_devices xc7a35t_0]
set_property FULL_PROBES.FILE {} [get_hw_devices xc7a35t_0]
set_property PROGRAM.FILE {C:/Users/austi/CPE 233/OTTERWRAPPER.runs/impl_1/OTTER_Wrapper.bit} [get_hw_devices xc7a35t_0]
program_hw_devices [get_hw_devices xc7a35t_0]
refresh_hw_device [lindex [get_hw_devices xc7a35t_0] 0]
set_property PROBES.FILE {} [get_hw_devices xc7a35t_0]
set_property FULL_PROBES.FILE {} [get_hw_devices xc7a35t_0]
set_property PROGRAM.FILE {C:/Users/austi/CPE 233/OTTERWRAPPER.runs/impl_1/OTTER_Wrapper.bit} [get_hw_devices xc7a35t_0]
program_hw_devices [get_hw_devices xc7a35t_0]
refresh_hw_device [lindex [get_hw_devices xc7a35t_0] 0]
reset_run synth_1
launch_runs synth_1 -jobs 10
wait_on_run synth_1
launch_runs impl_1 -jobs 10
wait_on_run impl_1
launch_runs impl_1 -to_step write_bitstream -jobs 10
wait_on_run impl_1
set_property PROBES.FILE {} [get_hw_devices xc7a35t_0]
set_property FULL_PROBES.FILE {} [get_hw_devices xc7a35t_0]
set_property PROGRAM.FILE {C:/Users/austi/CPE 233/OTTERWRAPPER.runs/impl_1/OTTER_Wrapper.bit} [get_hw_devices xc7a35t_0]
program_hw_devices [get_hw_devices xc7a35t_0]
refresh_hw_device [lindex [get_hw_devices xc7a35t_0] 0]
reset_run synth_1
launch_runs synth_1 -jobs 10
wait_on_run synth_1
launch_runs impl_1 -jobs 10
wait_on_run impl_1
launch_runs impl_1 -to_step write_bitstream -jobs 10
wait_on_run impl_1
set_property PROBES.FILE {} [get_hw_devices xc7a35t_0]
set_property FULL_PROBES.FILE {} [get_hw_devices xc7a35t_0]
set_property PROGRAM.FILE {C:/Users/austi/CPE 233/OTTERWRAPPER.runs/impl_1/OTTER_Wrapper.bit} [get_hw_devices xc7a35t_0]
program_hw_devices [get_hw_devices xc7a35t_0]
refresh_hw_device [lindex [get_hw_devices xc7a35t_0] 0]
reset_run synth_1
launch_runs synth_1 -jobs 10
wait_on_run synth_1
launch_runs impl_1 -jobs 10
wait_on_run impl_1
launch_runs impl_1 -to_step write_bitstream -jobs 10
wait_on_run impl_1
set_property PROBES.FILE {} [get_hw_devices xc7a35t_0]
set_property FULL_PROBES.FILE {} [get_hw_devices xc7a35t_0]
set_property PROGRAM.FILE {C:/Users/austi/CPE 233/OTTERWRAPPER.runs/impl_1/OTTER_Wrapper.bit} [get_hw_devices xc7a35t_0]
program_hw_devices [get_hw_devices xc7a35t_0]
refresh_hw_device [lindex [get_hw_devices xc7a35t_0] 0]
reset_run synth_1
launch_runs synth_1 -jobs 10
wait_on_run synth_1
launch_runs impl_1 -jobs 10
wait_on_run impl_1
launch_runs impl_1 -to_step write_bitstream -jobs 10
wait_on_run impl_1
set_property PROBES.FILE {} [get_hw_devices xc7a35t_0]
set_property FULL_PROBES.FILE {} [get_hw_devices xc7a35t_0]
set_property PROGRAM.FILE {C:/Users/austi/CPE 233/OTTERWRAPPER.runs/impl_1/OTTER_Wrapper.bit} [get_hw_devices xc7a35t_0]
program_hw_devices [get_hw_devices xc7a35t_0]
refresh_hw_device [lindex [get_hw_devices xc7a35t_0] 0]
reset_run synth_1
launch_runs synth_1 -jobs 10
wait_on_run synth_1
launch_runs impl_1 -jobs 10
wait_on_run impl_1
launch_runs impl_1 -to_step write_bitstream -jobs 10
wait_on_run impl_1
set_property PROBES.FILE {} [get_hw_devices xc7a35t_0]
set_property FULL_PROBES.FILE {} [get_hw_devices xc7a35t_0]
set_property PROGRAM.FILE {C:/Users/austi/CPE 233/OTTERWRAPPER.runs/impl_1/OTTER_Wrapper.bit} [get_hw_devices xc7a35t_0]
program_hw_devices [get_hw_devices xc7a35t_0]
refresh_hw_device [lindex [get_hw_devices xc7a35t_0] 0]
reset_run synth_1
launch_runs synth_1 -jobs 10
wait_on_run synth_1
reset_run synth_1
launch_runs synth_1 -jobs 10
wait_on_run synth_1
reset_run synth_1
launch_runs synth_1 -jobs 10
wait_on_run synth_1
launch_runs impl_1 -jobs 10
wait_on_run impl_1
launch_runs impl_1 -to_step write_bitstream -jobs 10
wait_on_run impl_1
set_property PROBES.FILE {} [get_hw_devices xc7a35t_0]
set_property FULL_PROBES.FILE {} [get_hw_devices xc7a35t_0]
set_property PROGRAM.FILE {C:/Users/austi/CPE 233/OTTERWRAPPER.runs/impl_1/OTTER_Wrapper.bit} [get_hw_devices xc7a35t_0]
program_hw_devices [get_hw_devices xc7a35t_0]
refresh_hw_device [lindex [get_hw_devices xc7a35t_0] 0]
reset_run synth_1
launch_runs synth_1 -jobs 10
wait_on_run synth_1
launch_runs impl_1 -jobs 10
wait_on_run impl_1
launch_runs impl_1 -to_step write_bitstream -jobs 10
wait_on_run impl_1
set_property PROBES.FILE {} [get_hw_devices xc7a35t_0]
set_property FULL_PROBES.FILE {} [get_hw_devices xc7a35t_0]
set_property PROGRAM.FILE {C:/Users/austi/CPE 233/OTTERWRAPPER.runs/impl_1/OTTER_Wrapper.bit} [get_hw_devices xc7a35t_0]
program_hw_devices [get_hw_devices xc7a35t_0]
refresh_hw_device [lindex [get_hw_devices xc7a35t_0] 0]
reset_run synth_1
launch_runs synth_1 -jobs 10
wait_on_run synth_1
launch_runs impl_1 -jobs 10
wait_on_run impl_1
launch_runs impl_1 -to_step write_bitstream -jobs 10
wait_on_run impl_1
set_property PROBES.FILE {} [get_hw_devices xc7a35t_0]
set_property FULL_PROBES.FILE {} [get_hw_devices xc7a35t_0]
set_property PROGRAM.FILE {C:/Users/austi/CPE 233/OTTERWRAPPER.runs/impl_1/OTTER_Wrapper.bit} [get_hw_devices xc7a35t_0]
program_hw_devices [get_hw_devices xc7a35t_0]
refresh_hw_device [lindex [get_hw_devices xc7a35t_0] 0]
reset_run synth_1
launch_runs synth_1 -jobs 10
wait_on_run synth_1
launch_runs impl_1 -jobs 10
wait_on_run impl_1
launch_runs impl_1 -to_step write_bitstream -jobs 10
wait_on_run impl_1
set_property PROBES.FILE {} [get_hw_devices xc7a35t_0]
set_property FULL_PROBES.FILE {} [get_hw_devices xc7a35t_0]
set_property PROGRAM.FILE {C:/Users/austi/CPE 233/OTTERWRAPPER.runs/impl_1/OTTER_Wrapper.bit} [get_hw_devices xc7a35t_0]
program_hw_devices [get_hw_devices xc7a35t_0]
refresh_hw_device [lindex [get_hw_devices xc7a35t_0] 0]
reset_run synth_1
launch_runs synth_1 -jobs 10
wait_on_run synth_1
launch_runs impl_1 -jobs 10
wait_on_run impl_1
launch_runs impl_1 -to_step write_bitstream -jobs 10
wait_on_run impl_1
set_property PROBES.FILE {} [get_hw_devices xc7a35t_0]
set_property FULL_PROBES.FILE {} [get_hw_devices xc7a35t_0]
set_property PROGRAM.FILE {C:/Users/austi/CPE 233/OTTERWRAPPER.runs/impl_1/OTTER_Wrapper.bit} [get_hw_devices xc7a35t_0]
program_hw_devices [get_hw_devices xc7a35t_0]
refresh_hw_device [lindex [get_hw_devices xc7a35t_0] 0]
set_property PROBES.FILE {} [get_hw_devices xc7a35t_0]
set_property FULL_PROBES.FILE {} [get_hw_devices xc7a35t_0]
set_property PROGRAM.FILE {C:/Users/austi/CPE 233/OTTERWRAPPER.runs/impl_1/OTTER_Wrapper.bit} [get_hw_devices xc7a35t_0]
program_hw_devices [get_hw_devices xc7a35t_0]
refresh_hw_device [lindex [get_hw_devices xc7a35t_0] 0]
set_property PROBES.FILE {} [get_hw_devices xc7a35t_0]
set_property FULL_PROBES.FILE {} [get_hw_devices xc7a35t_0]
set_property PROGRAM.FILE {C:/Users/austi/CPE 233/OTTERWRAPPER.runs/impl_1/OTTER_Wrapper.bit} [get_hw_devices xc7a35t_0]
program_hw_devices [get_hw_devices xc7a35t_0]
refresh_hw_device [lindex [get_hw_devices xc7a35t_0] 0]
close_sim
launch_simulation
open_wave_config {C:/Users/austi/CPE 233/OTTER_Wrapper_behav.wcfg}
source otterMCU_TB.tcl
run 78 us
close_sim
launch_simulation
open_wave_config {C:/Users/austi/CPE 233/OTTER_Wrapper_behav.wcfg}
source otterMCU_TB.tcl
run 78 us
reset_run synth_1
launch_runs synth_1 -jobs 10
wait_on_run synth_1
launch_runs impl_1 -jobs 10
wait_on_run impl_1
launch_runs impl_1 -to_step write_bitstream -jobs 10
wait_on_run impl_1
set_property PROBES.FILE {} [get_hw_devices xc7a35t_0]
set_property FULL_PROBES.FILE {} [get_hw_devices xc7a35t_0]
set_property PROGRAM.FILE {C:/Users/austi/CPE 233/OTTERWRAPPER.runs/impl_1/OTTER_Wrapper.bit} [get_hw_devices xc7a35t_0]
program_hw_devices [get_hw_devices xc7a35t_0]
refresh_hw_device [lindex [get_hw_devices xc7a35t_0] 0]
reset_run synth_1
launch_runs synth_1 -jobs 10
wait_on_run synth_1
launch_runs impl_1 -jobs 10
wait_on_run impl_1
launch_runs impl_1 -to_step write_bitstream -jobs 10
wait_on_run impl_1
set_property PROBES.FILE {} [get_hw_devices xc7a35t_0]
set_property FULL_PROBES.FILE {} [get_hw_devices xc7a35t_0]
set_property PROGRAM.FILE {C:/Users/austi/CPE 233/OTTERWRAPPER.runs/impl_1/OTTER_Wrapper.bit} [get_hw_devices xc7a35t_0]
program_hw_devices [get_hw_devices xc7a35t_0]
refresh_hw_device [lindex [get_hw_devices xc7a35t_0] 0]
reset_run synth_1
launch_runs synth_1 -jobs 10
wait_on_run synth_1
launch_runs impl_1 -jobs 10
wait_on_run impl_1
launch_runs impl_1 -to_step write_bitstream -jobs 10
wait_on_run impl_1
set_property PROBES.FILE {} [get_hw_devices xc7a35t_0]
set_property FULL_PROBES.FILE {} [get_hw_devices xc7a35t_0]
set_property PROGRAM.FILE {C:/Users/austi/CPE 233/OTTERWRAPPER.runs/impl_1/OTTER_Wrapper.bit} [get_hw_devices xc7a35t_0]
program_hw_devices [get_hw_devices xc7a35t_0]
refresh_hw_device [lindex [get_hw_devices xc7a35t_0] 0]
reset_run synth_1
launch_runs synth_1 -jobs 10
wait_on_run synth_1
launch_runs impl_1 -jobs 10
wait_on_run impl_1
launch_runs impl_1 -to_step write_bitstream -jobs 10
wait_on_run impl_1
open_run impl_1
set_property PROBES.FILE {} [get_hw_devices xc7a35t_0]
set_property FULL_PROBES.FILE {} [get_hw_devices xc7a35t_0]
set_property PROGRAM.FILE {C:/Users/austi/CPE 233/OTTERWRAPPER.runs/impl_1/OTTER_Wrapper.bit} [get_hw_devices xc7a35t_0]
program_hw_devices [get_hw_devices xc7a35t_0]
refresh_hw_device [lindex [get_hw_devices xc7a35t_0] 0]
reset_run impl_1
launch_runs impl_1 -jobs 10
wait_on_run impl_1
launch_runs impl_1 -to_step write_bitstream -jobs 10
wait_on_run impl_1
set_property PROBES.FILE {} [get_hw_devices xc7a35t_0]
set_property FULL_PROBES.FILE {} [get_hw_devices xc7a35t_0]
set_property PROGRAM.FILE {C:/Users/austi/CPE 233/OTTERWRAPPER.runs/impl_1/OTTER_Wrapper.bit} [get_hw_devices xc7a35t_0]
program_hw_devices [get_hw_devices xc7a35t_0]
refresh_hw_device [lindex [get_hw_devices xc7a35t_0] 0]
reset_run synth_1
launch_runs synth_1 -jobs 10
wait_on_run synth_1
launch_runs impl_1 -jobs 10
wait_on_run impl_1
launch_runs impl_1 -to_step write_bitstream -jobs 10
wait_on_run impl_1
set_property PROBES.FILE {} [get_hw_devices xc7a35t_0]
set_property FULL_PROBES.FILE {} [get_hw_devices xc7a35t_0]
set_property PROGRAM.FILE {C:/Users/austi/CPE 233/OTTERWRAPPER.runs/impl_1/OTTER_Wrapper.bit} [get_hw_devices xc7a35t_0]
program_hw_devices [get_hw_devices xc7a35t_0]
refresh_hw_device [lindex [get_hw_devices xc7a35t_0] 0]
reset_run synth_1
launch_runs synth_1 -jobs 10
wait_on_run synth_1
launch_runs impl_1 -jobs 10
wait_on_run impl_1
launch_runs impl_1 -to_step write_bitstream -jobs 10
wait_on_run impl_1
set_property PROBES.FILE {} [get_hw_devices xc7a35t_0]
set_property FULL_PROBES.FILE {} [get_hw_devices xc7a35t_0]
set_property PROGRAM.FILE {C:/Users/austi/CPE 233/OTTERWRAPPER.runs/impl_1/OTTER_Wrapper.bit} [get_hw_devices xc7a35t_0]
program_hw_devices [get_hw_devices xc7a35t_0]
refresh_hw_device [lindex [get_hw_devices xc7a35t_0] 0]
reset_run synth_1
launch_runs synth_1 -jobs 10
wait_on_run synth_1
launch_runs impl_1 -jobs 10
wait_on_run impl_1
launch_runs impl_1 -to_step write_bitstream -jobs 10
wait_on_run impl_1
set_property PROBES.FILE {} [get_hw_devices xc7a35t_0]
set_property FULL_PROBES.FILE {} [get_hw_devices xc7a35t_0]
set_property PROGRAM.FILE {C:/Users/austi/CPE 233/OTTERWRAPPER.runs/impl_1/OTTER_Wrapper.bit} [get_hw_devices xc7a35t_0]
program_hw_devices [get_hw_devices xc7a35t_0]
refresh_hw_device [lindex [get_hw_devices xc7a35t_0] 0]
reset_run synth_1
launch_runs synth_1 -jobs 10
wait_on_run synth_1
launch_runs impl_1 -jobs 10
wait_on_run impl_1
launch_runs impl_1 -to_step write_bitstream -jobs 10
wait_on_run impl_1
set_property PROBES.FILE {} [get_hw_devices xc7a35t_0]
set_property FULL_PROBES.FILE {} [get_hw_devices xc7a35t_0]
set_property PROGRAM.FILE {C:/Users/austi/CPE 233/OTTERWRAPPER.runs/impl_1/OTTER_Wrapper.bit} [get_hw_devices xc7a35t_0]
program_hw_devices [get_hw_devices xc7a35t_0]
refresh_hw_device [lindex [get_hw_devices xc7a35t_0] 0]
reset_run synth_1
launch_runs synth_1 -jobs 10
wait_on_run synth_1
launch_runs impl_1 -jobs 10
wait_on_run impl_1
launch_runs impl_1 -to_step write_bitstream -jobs 10
wait_on_run impl_1
set_property PROBES.FILE {} [get_hw_devices xc7a35t_0]
set_property FULL_PROBES.FILE {} [get_hw_devices xc7a35t_0]
set_property PROGRAM.FILE {C:/Users/austi/CPE 233/OTTERWRAPPER.runs/impl_1/OTTER_Wrapper.bit} [get_hw_devices xc7a35t_0]
program_hw_devices [get_hw_devices xc7a35t_0]
refresh_hw_device [lindex [get_hw_devices xc7a35t_0] 0]
reset_run synth_1
launch_runs synth_1 -jobs 10
wait_on_run synth_1
launch_runs impl_1 -jobs 10
wait_on_run impl_1
launch_runs impl_1 -to_step write_bitstream -jobs 10
wait_on_run impl_1
set_property PROBES.FILE {} [get_hw_devices xc7a35t_0]
set_property FULL_PROBES.FILE {} [get_hw_devices xc7a35t_0]
set_property PROGRAM.FILE {C:/Users/austi/CPE 233/OTTERWRAPPER.runs/impl_1/OTTER_Wrapper.bit} [get_hw_devices xc7a35t_0]
program_hw_devices [get_hw_devices xc7a35t_0]
refresh_hw_device [lindex [get_hw_devices xc7a35t_0] 0]
reset_run synth_1
launch_runs synth_1 -jobs 10
wait_on_run synth_1
launch_runs impl_1 -jobs 10
wait_on_run impl_1
launch_runs impl_1 -to_step write_bitstream -jobs 10
wait_on_run impl_1
set_property PROBES.FILE {} [get_hw_devices xc7a35t_0]
set_property FULL_PROBES.FILE {} [get_hw_devices xc7a35t_0]
set_property PROGRAM.FILE {C:/Users/austi/CPE 233/OTTERWRAPPER.runs/impl_1/OTTER_Wrapper.bit} [get_hw_devices xc7a35t_0]
program_hw_devices [get_hw_devices xc7a35t_0]
refresh_hw_device [lindex [get_hw_devices xc7a35t_0] 0]
reset_run synth_1
launch_runs synth_1 -jobs 10
wait_on_run synth_1
reset_run synth_1
launch_runs synth_1 -jobs 10
wait_on_run synth_1
launch_runs impl_1 -jobs 10
wait_on_run impl_1
launch_runs impl_1 -to_step write_bitstream -jobs 10
wait_on_run impl_1
set_property PROBES.FILE {} [get_hw_devices xc7a35t_0]
set_property FULL_PROBES.FILE {} [get_hw_devices xc7a35t_0]
set_property PROGRAM.FILE {C:/Users/austi/CPE 233/OTTERWRAPPER.runs/impl_1/OTTER_Wrapper.bit} [get_hw_devices xc7a35t_0]
program_hw_devices [get_hw_devices xc7a35t_0]
refresh_hw_device [lindex [get_hw_devices xc7a35t_0] 0]
reset_run synth_1
launch_runs synth_1 -jobs 10
wait_on_run synth_1
launch_runs impl_1 -jobs 10
wait_on_run impl_1
launch_runs impl_1 -to_step write_bitstream -jobs 10
wait_on_run impl_1
set_property PROBES.FILE {} [get_hw_devices xc7a35t_0]
set_property FULL_PROBES.FILE {} [get_hw_devices xc7a35t_0]
set_property PROGRAM.FILE {C:/Users/austi/CPE 233/OTTERWRAPPER.runs/impl_1/OTTER_Wrapper.bit} [get_hw_devices xc7a35t_0]
program_hw_devices [get_hw_devices xc7a35t_0]
refresh_hw_device [lindex [get_hw_devices xc7a35t_0] 0]
reset_run synth_1
launch_runs synth_1 -jobs 10
wait_on_run synth_1
launch_runs impl_1 -jobs 10
wait_on_run impl_1
launch_runs impl_1 -to_step write_bitstream -jobs 10
wait_on_run impl_1
set_property PROBES.FILE {} [get_hw_devices xc7a35t_0]
set_property FULL_PROBES.FILE {} [get_hw_devices xc7a35t_0]
set_property PROGRAM.FILE {C:/Users/austi/CPE 233/OTTERWRAPPER.runs/impl_1/OTTER_Wrapper.bit} [get_hw_devices xc7a35t_0]
program_hw_devices [get_hw_devices xc7a35t_0]
refresh_hw_device [lindex [get_hw_devices xc7a35t_0] 0]
set_property PROBES.FILE {} [get_hw_devices xc7a35t_0]
set_property FULL_PROBES.FILE {} [get_hw_devices xc7a35t_0]
set_property PROGRAM.FILE {C:/Users/austi/CPE 233/OTTERWRAPPER.runs/impl_1/OTTER_Wrapper.bit} [get_hw_devices xc7a35t_0]
program_hw_devices [get_hw_devices xc7a35t_0]
refresh_hw_device [lindex [get_hw_devices xc7a35t_0] 0]
set_property PROBES.FILE {} [get_hw_devices xc7a35t_0]
set_property FULL_PROBES.FILE {} [get_hw_devices xc7a35t_0]
set_property PROGRAM.FILE {C:/Users/austi/CPE 233/OTTERWRAPPER.runs/impl_1/OTTER_Wrapper.bit} [get_hw_devices xc7a35t_0]
program_hw_devices [get_hw_devices xc7a35t_0]
refresh_hw_device [lindex [get_hw_devices xc7a35t_0] 0]
