#-----------------------------------------------------------
# Vivado v2020.1 (64-bit)
# SW Build 2902540 on Wed May 27 19:54:49 MDT 2020
# IP Build 2902112 on Wed May 27 22:43:36 MDT 2020
# Start of session at: Fri Feb  3 17:28:51 2023
# Process ID: 21628
# Current directory: C:/Users/austi/CPE 233/ALU_IMMED_GEN
# Command line: vivado.exe -gui_launcher_event rodinguilauncherevent34996 C:\Users\austi\CPE 233\ALU_IMMED_GEN\ALU_IMMED_GEN.xpr
# Log file: C:/Users/austi/CPE 233/ALU_IMMED_GEN/vivado.log
# Journal file: C:/Users/austi/CPE 233/ALU_IMMED_GEN\vivado.jou
#-----------------------------------------------------------
start_gui
open_project {C:/Users/austi/CPE 233/ALU_IMMED_GEN/ALU_IMMED_GEN.xpr}
update_compile_order -fileset sources_1
synth_design -rtl -name rtl_1
launch_simulation
source ALU_TB.tcl
# Disabling source management mode.  This is to allow the top design properties to be set without GUI intervention.
set_property source_mgmt_mode None [current_project]
set_property top IMMED_GEN_TB [get_filesets sim_1]
set_property top_lib xil_defaultlib [get_filesets sim_1]
# Re-enabling previously disabled source management mode.
set_property source_mgmt_mode All [current_project]
update_compile_order -fileset sim_1
launch_simulation
close_sim
