#-----------------------------------------------------------
# Vivado v2020.1 (64-bit)
# SW Build 2902540 on Wed May 27 19:54:49 MDT 2020
# IP Build 2902112 on Wed May 27 22:43:36 MDT 2020
# Start of session at: Thu Feb  9 09:35:55 2023
# Process ID: 20916
# Current directory: C:/Users/austi/CPE 233/Branch_addr_gen
# Command line: vivado.exe -gui_launcher_event rodinguilauncherevent35556 C:\Users\austi\CPE 233\Branch_addr_gen\Branch_addr_gen.xpr
# Log file: C:/Users/austi/CPE 233/Branch_addr_gen/vivado.log
# Journal file: C:/Users/austi/CPE 233/Branch_addr_gen\vivado.jou
#-----------------------------------------------------------
start_gui
open_project {C:/Users/austi/CPE 233/Branch_addr_gen/Branch_addr_gen.xpr}
update_compile_order -fileset sources_1
launch_simulation
source BRANCH_ADDR_GEN_TB.tcl
close_sim
launch_simulation
source BRANCH_ADDR_GEN_TB.tcl
synth_design -rtl -name rtl_1
close_sim
launch_simulation
source BRANCH_ADDR_GEN_TB.tcl
close_sim
launch_simulation
launch_simulation
launch_simulation
source BRANCH_ADDR_GEN_TB.tcl
close_sim
launch_simulation
source BRANCH_ADDR_GEN_TB.tcl
launch_runs synth_1 -jobs 10
wait_on_run synth_1
close_sim
